// Jest Snapshot v1, https://goo.gl/fbAQLP

exports[`Search Modal renders 1`] = `
ShallowWrapper {
  Symbol(enzyme.__root__): [Circular],
  Symbol(enzyme.__unrendered__): <EventCard
    featuredImage=""
    id=""
    socialEvent={Object {}}
    startDate=""
    title=""
  />,
  Symbol(enzyme.__renderer__): Object {
    "batchedUpdates": [Function],
    "getNode": [Function],
    "render": [Function],
    "simulateError": [Function],
    "simulateEvent": [Function],
    "unmount": [Function],
  },
  Symbol(enzyme.__node__): Object {
    "instance": null,
    "key": undefined,
    "nodeType": "host",
    "props": Object {
      "children": <div
        className="event-card"
      >
        <img
          alt=""
          className="event-card__picture"
          src="/assets/img/img_group_selfie.jpg"
        />
        <div
          className="event-card__caption-group"
        >
          <p
            className="event-card__caption event-card__caption--title"
          >
            Swimming Meetup
          </p>
          <p
            className="event-card__caption event-card__caption--date"
          >
            Invalid Date
          </p>
          <p
            className="event-card__caption event-card__caption--tags"
          >
            #undefined
          </p>
        </div>
      </div>,
      "className": "event-link",
      "href": "/events/",
    },
    "ref": null,
    "rendered": Object {
      "instance": null,
      "key": undefined,
      "nodeType": "host",
      "props": Object {
        "children": Array [
          <img
            alt=""
            className="event-card__picture"
            src="/assets/img/img_group_selfie.jpg"
          />,
          <div
            className="event-card__caption-group"
          >
            <p
              className="event-card__caption event-card__caption--title"
            >
              Swimming Meetup
            </p>
            <p
              className="event-card__caption event-card__caption--date"
            >
              Invalid Date
            </p>
            <p
              className="event-card__caption event-card__caption--tags"
            >
              #undefined
            </p>
          </div>,
        ],
        "className": "event-card",
      },
      "ref": null,
      "rendered": Array [
        Object {
          "instance": null,
          "key": undefined,
          "nodeType": "host",
          "props": Object {
            "alt": "",
            "className": "event-card__picture",
            "src": "/assets/img/img_group_selfie.jpg",
          },
          "ref": null,
          "rendered": null,
          "type": "img",
        },
        Object {
          "instance": null,
          "key": undefined,
          "nodeType": "host",
          "props": Object {
            "children": Array [
              <p
                className="event-card__caption event-card__caption--title"
              >
                Swimming Meetup
              </p>,
              <p
                className="event-card__caption event-card__caption--date"
              >
                Invalid Date
              </p>,
              <p
                className="event-card__caption event-card__caption--tags"
              >
                #undefined
              </p>,
            ],
            "className": "event-card__caption-group",
          },
          "ref": null,
          "rendered": Array [
            Object {
              "instance": null,
              "key": undefined,
              "nodeType": "host",
              "props": Object {
                "children": "Swimming Meetup",
                "className": "event-card__caption event-card__caption--title",
              },
              "ref": null,
              "rendered": "Swimming Meetup",
              "type": "p",
            },
            Object {
              "instance": null,
              "key": undefined,
              "nodeType": "host",
              "props": Object {
                "children": "Invalid Date",
                "className": "event-card__caption event-card__caption--date",
              },
              "ref": null,
              "rendered": "Invalid Date",
              "type": "p",
            },
            Object {
              "instance": null,
              "key": undefined,
              "nodeType": "host",
              "props": Object {
                "children": "#undefined",
                "className": "event-card__caption event-card__caption--tags",
              },
              "ref": null,
              "rendered": "#undefined",
              "type": "p",
            },
          ],
          "type": "div",
        },
      ],
      "type": "div",
    },
    "type": "a",
  },
  Symbol(enzyme.__nodes__): Array [
    Object {
      "instance": null,
      "key": undefined,
      "nodeType": "host",
      "props": Object {
        "children": <div
          className="event-card"
        >
          <img
            alt=""
            className="event-card__picture"
            src="/assets/img/img_group_selfie.jpg"
          />
          <div
            className="event-card__caption-group"
          >
            <p
              className="event-card__caption event-card__caption--title"
            >
              Swimming Meetup
            </p>
            <p
              className="event-card__caption event-card__caption--date"
            >
              Invalid Date
            </p>
            <p
              className="event-card__caption event-card__caption--tags"
            >
              #undefined
            </p>
          </div>
        </div>,
        "className": "event-link",
        "href": "/events/",
      },
      "ref": null,
      "rendered": Object {
        "instance": null,
        "key": undefined,
        "nodeType": "host",
        "props": Object {
          "children": Array [
            <img
              alt=""
              className="event-card__picture"
              src="/assets/img/img_group_selfie.jpg"
            />,
            <div
              className="event-card__caption-group"
            >
              <p
                className="event-card__caption event-card__caption--title"
              >
                Swimming Meetup
              </p>
              <p
                className="event-card__caption event-card__caption--date"
              >
                Invalid Date
              </p>
              <p
                className="event-card__caption event-card__caption--tags"
              >
                #undefined
              </p>
            </div>,
          ],
          "className": "event-card",
        },
        "ref": null,
        "rendered": Array [
          Object {
            "instance": null,
            "key": undefined,
            "nodeType": "host",
            "props": Object {
              "alt": "",
              "className": "event-card__picture",
              "src": "/assets/img/img_group_selfie.jpg",
            },
            "ref": null,
            "rendered": null,
            "type": "img",
          },
          Object {
            "instance": null,
            "key": undefined,
            "nodeType": "host",
            "props": Object {
              "children": Array [
                <p
                  className="event-card__caption event-card__caption--title"
                >
                  Swimming Meetup
                </p>,
                <p
                  className="event-card__caption event-card__caption--date"
                >
                  Invalid Date
                </p>,
                <p
                  className="event-card__caption event-card__caption--tags"
                >
                  #undefined
                </p>,
              ],
              "className": "event-card__caption-group",
            },
            "ref": null,
            "rendered": Array [
              Object {
                "instance": null,
                "key": undefined,
                "nodeType": "host",
                "props": Object {
                  "children": "Swimming Meetup",
                  "className": "event-card__caption event-card__caption--title",
                },
                "ref": null,
                "rendered": "Swimming Meetup",
                "type": "p",
              },
              Object {
                "instance": null,
                "key": undefined,
                "nodeType": "host",
                "props": Object {
                  "children": "Invalid Date",
                  "className": "event-card__caption event-card__caption--date",
                },
                "ref": null,
                "rendered": "Invalid Date",
                "type": "p",
              },
              Object {
                "instance": null,
                "key": undefined,
                "nodeType": "host",
                "props": Object {
                  "children": "#undefined",
                  "className": "event-card__caption event-card__caption--tags",
                },
                "ref": null,
                "rendered": "#undefined",
                "type": "p",
              },
            ],
            "type": "div",
          },
        ],
        "type": "div",
      },
      "type": "a",
    },
  ],
  Symbol(enzyme.__options__): Object {
    "adapter": ReactSixteenAdapter {
      "options": Object {
        "enableComponentDidUpdateOnSetState": true,
        "lifecycles": Object {
          "componentDidUpdate": Object {
            "onSetState": true,
          },
          "getDerivedStateFromProps": true,
          "getSnapshotBeforeUpdate": true,
          "setState": Object {
            "skipsComponentDidUpdateOnNullish": true,
          },
        },
      },
    },
  },
}
`;
