// Jest Snapshot v1, https://goo.gl/fbAQLP

exports[`AvatarGroup Component should display Avatar Component 1`] = `
ShallowWrapper {
  Symbol(enzyme.__root__): [Circular],
  Symbol(enzyme.__unrendered__): <Unknown
    classes=""
    imgList={
      Array [
        Object {
          "imgUrl": "//http:/img.jpg1",
        },
        Object {
          "imgUrl": "//http:/img.jpg2",
        },
        Object {
          "imgUrl": "//http:/img.jpg3",
        },
        Object {
          "imgUrl": "//http:/img.jpg4",
        },
        Object {
          "imgUrl": "//http:/img.jpg5",
        },
        Object {
          "imgUrl": "//http:/img.jpg6",
        },
        Object {
          "imgUrl": "//http:/img.jpg7",
        },
        Object {
          "imgUrl": "//http:/img.jpg8",
        },
        Object {
          "imgUrl": "//http:/img.jpg9",
        },
        Object {
          "imgUrl": "//http:/img.jpg10",
        },
      ]
    }
  />,
  Symbol(enzyme.__renderer__): Object {
    "batchedUpdates": [Function],
    "checkPropTypes": [Function],
    "getNode": [Function],
    "render": [Function],
    "simulateError": [Function],
    "simulateEvent": [Function],
    "unmount": [Function],
  },
  Symbol(enzyme.__node__): Object {
    "instance": null,
    "key": undefined,
    "nodeType": "host",
    "props": Object {
      "children": Array [
        Array [
          <div
            className="avatar-item "
          >
            <Unknown
              altText=""
              classes=""
              imgUrl="//http:/img.jpg1"
            />
          </div>,
          <div
            className="avatar-item "
          >
            <Unknown
              altText=""
              classes=""
              imgUrl="//http:/img.jpg2"
            />
          </div>,
          <div
            className="avatar-item "
          >
            <Unknown
              altText=""
              classes=""
              imgUrl="//http:/img.jpg3"
            />
          </div>,
          <div
            className="avatar-item "
          >
            <Unknown
              altText=""
              classes=""
              imgUrl="//http:/img.jpg4"
            />
          </div>,
          <div
            className="avatar-item "
          >
            <Unknown
              altText=""
              classes=""
              imgUrl="//http:/img.jpg5"
            />
          </div>,
          <div
            className="avatar-item "
          >
            <Unknown
              altText=""
              classes=""
              imgUrl="//http:/img.jpg6"
            />
          </div>,
          <div
            className="avatar-item "
          >
            <Unknown
              altText=""
              classes=""
              imgUrl="//http:/img.jpg7"
            />
          </div>,
          undefined,
          undefined,
          undefined,
        ],
        <span
          className="img-count"
        >
          +3
        </span>,
      ],
      "className": "avatar-group",
    },
    "ref": null,
    "rendered": Array [
      Object {
        "instance": null,
        "key": "img0",
        "nodeType": "host",
        "props": Object {
          "children": <Unknown
            altText=""
            classes=""
            imgUrl="//http:/img.jpg1"
          />,
          "className": "avatar-item ",
        },
        "ref": null,
        "rendered": Object {
          "instance": null,
          "key": undefined,
          "nodeType": "function",
          "props": Object {
            "altText": "",
            "classes": "",
            "imgUrl": "//http:/img.jpg1",
          },
          "ref": null,
          "rendered": null,
          "type": [Function],
        },
        "type": "div",
      },
      Object {
        "instance": null,
        "key": "img1",
        "nodeType": "host",
        "props": Object {
          "children": <Unknown
            altText=""
            classes=""
            imgUrl="//http:/img.jpg2"
          />,
          "className": "avatar-item ",
        },
        "ref": null,
        "rendered": Object {
          "instance": null,
          "key": undefined,
          "nodeType": "function",
          "props": Object {
            "altText": "",
            "classes": "",
            "imgUrl": "//http:/img.jpg2",
          },
          "ref": null,
          "rendered": null,
          "type": [Function],
        },
        "type": "div",
      },
      Object {
        "instance": null,
        "key": "img2",
        "nodeType": "host",
        "props": Object {
          "children": <Unknown
            altText=""
            classes=""
            imgUrl="//http:/img.jpg3"
          />,
          "className": "avatar-item ",
        },
        "ref": null,
        "rendered": Object {
          "instance": null,
          "key": undefined,
          "nodeType": "function",
          "props": Object {
            "altText": "",
            "classes": "",
            "imgUrl": "//http:/img.jpg3",
          },
          "ref": null,
          "rendered": null,
          "type": [Function],
        },
        "type": "div",
      },
      Object {
        "instance": null,
        "key": "img3",
        "nodeType": "host",
        "props": Object {
          "children": <Unknown
            altText=""
            classes=""
            imgUrl="//http:/img.jpg4"
          />,
          "className": "avatar-item ",
        },
        "ref": null,
        "rendered": Object {
          "instance": null,
          "key": undefined,
          "nodeType": "function",
          "props": Object {
            "altText": "",
            "classes": "",
            "imgUrl": "//http:/img.jpg4",
          },
          "ref": null,
          "rendered": null,
          "type": [Function],
        },
        "type": "div",
      },
      Object {
        "instance": null,
        "key": "img4",
        "nodeType": "host",
        "props": Object {
          "children": <Unknown
            altText=""
            classes=""
            imgUrl="//http:/img.jpg5"
          />,
          "className": "avatar-item ",
        },
        "ref": null,
        "rendered": Object {
          "instance": null,
          "key": undefined,
          "nodeType": "function",
          "props": Object {
            "altText": "",
            "classes": "",
            "imgUrl": "//http:/img.jpg5",
          },
          "ref": null,
          "rendered": null,
          "type": [Function],
        },
        "type": "div",
      },
      Object {
        "instance": null,
        "key": "img5",
        "nodeType": "host",
        "props": Object {
          "children": <Unknown
            altText=""
            classes=""
            imgUrl="//http:/img.jpg6"
          />,
          "className": "avatar-item ",
        },
        "ref": null,
        "rendered": Object {
          "instance": null,
          "key": undefined,
          "nodeType": "function",
          "props": Object {
            "altText": "",
            "classes": "",
            "imgUrl": "//http:/img.jpg6",
          },
          "ref": null,
          "rendered": null,
          "type": [Function],
        },
        "type": "div",
      },
      Object {
        "instance": null,
        "key": "img6",
        "nodeType": "host",
        "props": Object {
          "children": <Unknown
            altText=""
            classes=""
            imgUrl="//http:/img.jpg7"
          />,
          "className": "avatar-item ",
        },
        "ref": null,
        "rendered": Object {
          "instance": null,
          "key": undefined,
          "nodeType": "function",
          "props": Object {
            "altText": "",
            "classes": "",
            "imgUrl": "//http:/img.jpg7",
          },
          "ref": null,
          "rendered": null,
          "type": [Function],
        },
        "type": "div",
      },
      undefined,
      undefined,
      undefined,
      Object {
        "instance": null,
        "key": undefined,
        "nodeType": "host",
        "props": Object {
          "children": "+3",
          "className": "img-count",
        },
        "ref": null,
        "rendered": "+3",
        "type": "span",
      },
    ],
    "type": "div",
  },
  Symbol(enzyme.__nodes__): Array [
    Object {
      "instance": null,
      "key": undefined,
      "nodeType": "host",
      "props": Object {
        "children": Array [
          Array [
            <div
              className="avatar-item "
            >
              <Unknown
                altText=""
                classes=""
                imgUrl="//http:/img.jpg1"
              />
            </div>,
            <div
              className="avatar-item "
            >
              <Unknown
                altText=""
                classes=""
                imgUrl="//http:/img.jpg2"
              />
            </div>,
            <div
              className="avatar-item "
            >
              <Unknown
                altText=""
                classes=""
                imgUrl="//http:/img.jpg3"
              />
            </div>,
            <div
              className="avatar-item "
            >
              <Unknown
                altText=""
                classes=""
                imgUrl="//http:/img.jpg4"
              />
            </div>,
            <div
              className="avatar-item "
            >
              <Unknown
                altText=""
                classes=""
                imgUrl="//http:/img.jpg5"
              />
            </div>,
            <div
              className="avatar-item "
            >
              <Unknown
                altText=""
                classes=""
                imgUrl="//http:/img.jpg6"
              />
            </div>,
            <div
              className="avatar-item "
            >
              <Unknown
                altText=""
                classes=""
                imgUrl="//http:/img.jpg7"
              />
            </div>,
            undefined,
            undefined,
            undefined,
          ],
          <span
            className="img-count"
          >
            +3
          </span>,
        ],
        "className": "avatar-group",
      },
      "ref": null,
      "rendered": Array [
        Object {
          "instance": null,
          "key": "img0",
          "nodeType": "host",
          "props": Object {
            "children": <Unknown
              altText=""
              classes=""
              imgUrl="//http:/img.jpg1"
            />,
            "className": "avatar-item ",
          },
          "ref": null,
          "rendered": Object {
            "instance": null,
            "key": undefined,
            "nodeType": "function",
            "props": Object {
              "altText": "",
              "classes": "",
              "imgUrl": "//http:/img.jpg1",
            },
            "ref": null,
            "rendered": null,
            "type": [Function],
          },
          "type": "div",
        },
        Object {
          "instance": null,
          "key": "img1",
          "nodeType": "host",
          "props": Object {
            "children": <Unknown
              altText=""
              classes=""
              imgUrl="//http:/img.jpg2"
            />,
            "className": "avatar-item ",
          },
          "ref": null,
          "rendered": Object {
            "instance": null,
            "key": undefined,
            "nodeType": "function",
            "props": Object {
              "altText": "",
              "classes": "",
              "imgUrl": "//http:/img.jpg2",
            },
            "ref": null,
            "rendered": null,
            "type": [Function],
          },
          "type": "div",
        },
        Object {
          "instance": null,
          "key": "img2",
          "nodeType": "host",
          "props": Object {
            "children": <Unknown
              altText=""
              classes=""
              imgUrl="//http:/img.jpg3"
            />,
            "className": "avatar-item ",
          },
          "ref": null,
          "rendered": Object {
            "instance": null,
            "key": undefined,
            "nodeType": "function",
            "props": Object {
              "altText": "",
              "classes": "",
              "imgUrl": "//http:/img.jpg3",
            },
            "ref": null,
            "rendered": null,
            "type": [Function],
          },
          "type": "div",
        },
        Object {
          "instance": null,
          "key": "img3",
          "nodeType": "host",
          "props": Object {
            "children": <Unknown
              altText=""
              classes=""
              imgUrl="//http:/img.jpg4"
            />,
            "className": "avatar-item ",
          },
          "ref": null,
          "rendered": Object {
            "instance": null,
            "key": undefined,
            "nodeType": "function",
            "props": Object {
              "altText": "",
              "classes": "",
              "imgUrl": "//http:/img.jpg4",
            },
            "ref": null,
            "rendered": null,
            "type": [Function],
          },
          "type": "div",
        },
        Object {
          "instance": null,
          "key": "img4",
          "nodeType": "host",
          "props": Object {
            "children": <Unknown
              altText=""
              classes=""
              imgUrl="//http:/img.jpg5"
            />,
            "className": "avatar-item ",
          },
          "ref": null,
          "rendered": Object {
            "instance": null,
            "key": undefined,
            "nodeType": "function",
            "props": Object {
              "altText": "",
              "classes": "",
              "imgUrl": "//http:/img.jpg5",
            },
            "ref": null,
            "rendered": null,
            "type": [Function],
          },
          "type": "div",
        },
        Object {
          "instance": null,
          "key": "img5",
          "nodeType": "host",
          "props": Object {
            "children": <Unknown
              altText=""
              classes=""
              imgUrl="//http:/img.jpg6"
            />,
            "className": "avatar-item ",
          },
          "ref": null,
          "rendered": Object {
            "instance": null,
            "key": undefined,
            "nodeType": "function",
            "props": Object {
              "altText": "",
              "classes": "",
              "imgUrl": "//http:/img.jpg6",
            },
            "ref": null,
            "rendered": null,
            "type": [Function],
          },
          "type": "div",
        },
        Object {
          "instance": null,
          "key": "img6",
          "nodeType": "host",
          "props": Object {
            "children": <Unknown
              altText=""
              classes=""
              imgUrl="//http:/img.jpg7"
            />,
            "className": "avatar-item ",
          },
          "ref": null,
          "rendered": Object {
            "instance": null,
            "key": undefined,
            "nodeType": "function",
            "props": Object {
              "altText": "",
              "classes": "",
              "imgUrl": "//http:/img.jpg7",
            },
            "ref": null,
            "rendered": null,
            "type": [Function],
          },
          "type": "div",
        },
        undefined,
        undefined,
        undefined,
        Object {
          "instance": null,
          "key": undefined,
          "nodeType": "host",
          "props": Object {
            "children": "+3",
            "className": "img-count",
          },
          "ref": null,
          "rendered": "+3",
          "type": "span",
        },
      ],
      "type": "div",
    },
  ],
  Symbol(enzyme.__options__): Object {
    "adapter": ReactSixteenAdapter {
      "options": Object {
        "enableComponentDidUpdateOnSetState": true,
        "legacyContextMode": "parent",
        "lifecycles": Object {
          "componentDidUpdate": Object {
            "onSetState": true,
          },
          "getChildContext": Object {
            "calledByRenderer": false,
          },
          "getDerivedStateFromError": false,
          "getDerivedStateFromProps": Object {
            "hasShouldComponentUpdateBug": false,
          },
          "getSnapshotBeforeUpdate": true,
          "setState": Object {
            "skipsComponentDidUpdateOnNullish": true,
          },
        },
      },
    },
    Symbol(enzyme.__providerValues__): undefined,
  },
  Symbol(enzyme.__providerValues__): Map {},
}
`;

exports[`AvatarGroup Component should render correctly 1`] = `
ShallowWrapper {
  Symbol(enzyme.__root__): [Circular],
  Symbol(enzyme.__unrendered__): <Unknown
    classes=""
    imgList={
      Array [
        Object {
          "imgUrl": "//http:/img.jpg1",
        },
        Object {
          "imgUrl": "//http:/img.jpg2",
        },
        Object {
          "imgUrl": "//http:/img.jpg3",
        },
        Object {
          "imgUrl": "//http:/img.jpg4",
        },
        Object {
          "imgUrl": "//http:/img.jpg5",
        },
        Object {
          "imgUrl": "//http:/img.jpg6",
        },
        Object {
          "imgUrl": "//http:/img.jpg7",
        },
        Object {
          "imgUrl": "//http:/img.jpg8",
        },
        Object {
          "imgUrl": "//http:/img.jpg9",
        },
        Object {
          "imgUrl": "//http:/img.jpg10",
        },
      ]
    }
  />,
  Symbol(enzyme.__renderer__): Object {
    "batchedUpdates": [Function],
    "checkPropTypes": [Function],
    "getNode": [Function],
    "render": [Function],
    "simulateError": [Function],
    "simulateEvent": [Function],
    "unmount": [Function],
  },
  Symbol(enzyme.__node__): Object {
    "instance": null,
    "key": undefined,
    "nodeType": "host",
    "props": Object {
      "children": Array [
        Array [
          <div
            className="avatar-item "
          >
            <Unknown
              altText=""
              classes=""
              imgUrl="//http:/img.jpg1"
            />
          </div>,
          <div
            className="avatar-item "
          >
            <Unknown
              altText=""
              classes=""
              imgUrl="//http:/img.jpg2"
            />
          </div>,
          <div
            className="avatar-item "
          >
            <Unknown
              altText=""
              classes=""
              imgUrl="//http:/img.jpg3"
            />
          </div>,
          <div
            className="avatar-item "
          >
            <Unknown
              altText=""
              classes=""
              imgUrl="//http:/img.jpg4"
            />
          </div>,
          <div
            className="avatar-item "
          >
            <Unknown
              altText=""
              classes=""
              imgUrl="//http:/img.jpg5"
            />
          </div>,
          <div
            className="avatar-item "
          >
            <Unknown
              altText=""
              classes=""
              imgUrl="//http:/img.jpg6"
            />
          </div>,
          <div
            className="avatar-item "
          >
            <Unknown
              altText=""
              classes=""
              imgUrl="//http:/img.jpg7"
            />
          </div>,
          undefined,
          undefined,
          undefined,
        ],
        <span
          className="img-count"
        >
          +3
        </span>,
      ],
      "className": "avatar-group",
    },
    "ref": null,
    "rendered": Array [
      Object {
        "instance": null,
        "key": "img0",
        "nodeType": "host",
        "props": Object {
          "children": <Unknown
            altText=""
            classes=""
            imgUrl="//http:/img.jpg1"
          />,
          "className": "avatar-item ",
        },
        "ref": null,
        "rendered": Object {
          "instance": null,
          "key": undefined,
          "nodeType": "function",
          "props": Object {
            "altText": "",
            "classes": "",
            "imgUrl": "//http:/img.jpg1",
          },
          "ref": null,
          "rendered": null,
          "type": [Function],
        },
        "type": "div",
      },
      Object {
        "instance": null,
        "key": "img1",
        "nodeType": "host",
        "props": Object {
          "children": <Unknown
            altText=""
            classes=""
            imgUrl="//http:/img.jpg2"
          />,
          "className": "avatar-item ",
        },
        "ref": null,
        "rendered": Object {
          "instance": null,
          "key": undefined,
          "nodeType": "function",
          "props": Object {
            "altText": "",
            "classes": "",
            "imgUrl": "//http:/img.jpg2",
          },
          "ref": null,
          "rendered": null,
          "type": [Function],
        },
        "type": "div",
      },
      Object {
        "instance": null,
        "key": "img2",
        "nodeType": "host",
        "props": Object {
          "children": <Unknown
            altText=""
            classes=""
            imgUrl="//http:/img.jpg3"
          />,
          "className": "avatar-item ",
        },
        "ref": null,
        "rendered": Object {
          "instance": null,
          "key": undefined,
          "nodeType": "function",
          "props": Object {
            "altText": "",
            "classes": "",
            "imgUrl": "//http:/img.jpg3",
          },
          "ref": null,
          "rendered": null,
          "type": [Function],
        },
        "type": "div",
      },
      Object {
        "instance": null,
        "key": "img3",
        "nodeType": "host",
        "props": Object {
          "children": <Unknown
            altText=""
            classes=""
            imgUrl="//http:/img.jpg4"
          />,
          "className": "avatar-item ",
        },
        "ref": null,
        "rendered": Object {
          "instance": null,
          "key": undefined,
          "nodeType": "function",
          "props": Object {
            "altText": "",
            "classes": "",
            "imgUrl": "//http:/img.jpg4",
          },
          "ref": null,
          "rendered": null,
          "type": [Function],
        },
        "type": "div",
      },
      Object {
        "instance": null,
        "key": "img4",
        "nodeType": "host",
        "props": Object {
          "children": <Unknown
            altText=""
            classes=""
            imgUrl="//http:/img.jpg5"
          />,
          "className": "avatar-item ",
        },
        "ref": null,
        "rendered": Object {
          "instance": null,
          "key": undefined,
          "nodeType": "function",
          "props": Object {
            "altText": "",
            "classes": "",
            "imgUrl": "//http:/img.jpg5",
          },
          "ref": null,
          "rendered": null,
          "type": [Function],
        },
        "type": "div",
      },
      Object {
        "instance": null,
        "key": "img5",
        "nodeType": "host",
        "props": Object {
          "children": <Unknown
            altText=""
            classes=""
            imgUrl="//http:/img.jpg6"
          />,
          "className": "avatar-item ",
        },
        "ref": null,
        "rendered": Object {
          "instance": null,
          "key": undefined,
          "nodeType": "function",
          "props": Object {
            "altText": "",
            "classes": "",
            "imgUrl": "//http:/img.jpg6",
          },
          "ref": null,
          "rendered": null,
          "type": [Function],
        },
        "type": "div",
      },
      Object {
        "instance": null,
        "key": "img6",
        "nodeType": "host",
        "props": Object {
          "children": <Unknown
            altText=""
            classes=""
            imgUrl="//http:/img.jpg7"
          />,
          "className": "avatar-item ",
        },
        "ref": null,
        "rendered": Object {
          "instance": null,
          "key": undefined,
          "nodeType": "function",
          "props": Object {
            "altText": "",
            "classes": "",
            "imgUrl": "//http:/img.jpg7",
          },
          "ref": null,
          "rendered": null,
          "type": [Function],
        },
        "type": "div",
      },
      undefined,
      undefined,
      undefined,
      Object {
        "instance": null,
        "key": undefined,
        "nodeType": "host",
        "props": Object {
          "children": "+3",
          "className": "img-count",
        },
        "ref": null,
        "rendered": "+3",
        "type": "span",
      },
    ],
    "type": "div",
  },
  Symbol(enzyme.__nodes__): Array [
    Object {
      "instance": null,
      "key": undefined,
      "nodeType": "host",
      "props": Object {
        "children": Array [
          Array [
            <div
              className="avatar-item "
            >
              <Unknown
                altText=""
                classes=""
                imgUrl="//http:/img.jpg1"
              />
            </div>,
            <div
              className="avatar-item "
            >
              <Unknown
                altText=""
                classes=""
                imgUrl="//http:/img.jpg2"
              />
            </div>,
            <div
              className="avatar-item "
            >
              <Unknown
                altText=""
                classes=""
                imgUrl="//http:/img.jpg3"
              />
            </div>,
            <div
              className="avatar-item "
            >
              <Unknown
                altText=""
                classes=""
                imgUrl="//http:/img.jpg4"
              />
            </div>,
            <div
              className="avatar-item "
            >
              <Unknown
                altText=""
                classes=""
                imgUrl="//http:/img.jpg5"
              />
            </div>,
            <div
              className="avatar-item "
            >
              <Unknown
                altText=""
                classes=""
                imgUrl="//http:/img.jpg6"
              />
            </div>,
            <div
              className="avatar-item "
            >
              <Unknown
                altText=""
                classes=""
                imgUrl="//http:/img.jpg7"
              />
            </div>,
            undefined,
            undefined,
            undefined,
          ],
          <span
            className="img-count"
          >
            +3
          </span>,
        ],
        "className": "avatar-group",
      },
      "ref": null,
      "rendered": Array [
        Object {
          "instance": null,
          "key": "img0",
          "nodeType": "host",
          "props": Object {
            "children": <Unknown
              altText=""
              classes=""
              imgUrl="//http:/img.jpg1"
            />,
            "className": "avatar-item ",
          },
          "ref": null,
          "rendered": Object {
            "instance": null,
            "key": undefined,
            "nodeType": "function",
            "props": Object {
              "altText": "",
              "classes": "",
              "imgUrl": "//http:/img.jpg1",
            },
            "ref": null,
            "rendered": null,
            "type": [Function],
          },
          "type": "div",
        },
        Object {
          "instance": null,
          "key": "img1",
          "nodeType": "host",
          "props": Object {
            "children": <Unknown
              altText=""
              classes=""
              imgUrl="//http:/img.jpg2"
            />,
            "className": "avatar-item ",
          },
          "ref": null,
          "rendered": Object {
            "instance": null,
            "key": undefined,
            "nodeType": "function",
            "props": Object {
              "altText": "",
              "classes": "",
              "imgUrl": "//http:/img.jpg2",
            },
            "ref": null,
            "rendered": null,
            "type": [Function],
          },
          "type": "div",
        },
        Object {
          "instance": null,
          "key": "img2",
          "nodeType": "host",
          "props": Object {
            "children": <Unknown
              altText=""
              classes=""
              imgUrl="//http:/img.jpg3"
            />,
            "className": "avatar-item ",
          },
          "ref": null,
          "rendered": Object {
            "instance": null,
            "key": undefined,
            "nodeType": "function",
            "props": Object {
              "altText": "",
              "classes": "",
              "imgUrl": "//http:/img.jpg3",
            },
            "ref": null,
            "rendered": null,
            "type": [Function],
          },
          "type": "div",
        },
        Object {
          "instance": null,
          "key": "img3",
          "nodeType": "host",
          "props": Object {
            "children": <Unknown
              altText=""
              classes=""
              imgUrl="//http:/img.jpg4"
            />,
            "className": "avatar-item ",
          },
          "ref": null,
          "rendered": Object {
            "instance": null,
            "key": undefined,
            "nodeType": "function",
            "props": Object {
              "altText": "",
              "classes": "",
              "imgUrl": "//http:/img.jpg4",
            },
            "ref": null,
            "rendered": null,
            "type": [Function],
          },
          "type": "div",
        },
        Object {
          "instance": null,
          "key": "img4",
          "nodeType": "host",
          "props": Object {
            "children": <Unknown
              altText=""
              classes=""
              imgUrl="//http:/img.jpg5"
            />,
            "className": "avatar-item ",
          },
          "ref": null,
          "rendered": Object {
            "instance": null,
            "key": undefined,
            "nodeType": "function",
            "props": Object {
              "altText": "",
              "classes": "",
              "imgUrl": "//http:/img.jpg5",
            },
            "ref": null,
            "rendered": null,
            "type": [Function],
          },
          "type": "div",
        },
        Object {
          "instance": null,
          "key": "img5",
          "nodeType": "host",
          "props": Object {
            "children": <Unknown
              altText=""
              classes=""
              imgUrl="//http:/img.jpg6"
            />,
            "className": "avatar-item ",
          },
          "ref": null,
          "rendered": Object {
            "instance": null,
            "key": undefined,
            "nodeType": "function",
            "props": Object {
              "altText": "",
              "classes": "",
              "imgUrl": "//http:/img.jpg6",
            },
            "ref": null,
            "rendered": null,
            "type": [Function],
          },
          "type": "div",
        },
        Object {
          "instance": null,
          "key": "img6",
          "nodeType": "host",
          "props": Object {
            "children": <Unknown
              altText=""
              classes=""
              imgUrl="//http:/img.jpg7"
            />,
            "className": "avatar-item ",
          },
          "ref": null,
          "rendered": Object {
            "instance": null,
            "key": undefined,
            "nodeType": "function",
            "props": Object {
              "altText": "",
              "classes": "",
              "imgUrl": "//http:/img.jpg7",
            },
            "ref": null,
            "rendered": null,
            "type": [Function],
          },
          "type": "div",
        },
        undefined,
        undefined,
        undefined,
        Object {
          "instance": null,
          "key": undefined,
          "nodeType": "host",
          "props": Object {
            "children": "+3",
            "className": "img-count",
          },
          "ref": null,
          "rendered": "+3",
          "type": "span",
        },
      ],
      "type": "div",
    },
  ],
  Symbol(enzyme.__options__): Object {
    "adapter": ReactSixteenAdapter {
      "options": Object {
        "enableComponentDidUpdateOnSetState": true,
        "legacyContextMode": "parent",
        "lifecycles": Object {
          "componentDidUpdate": Object {
            "onSetState": true,
          },
          "getChildContext": Object {
            "calledByRenderer": false,
          },
          "getDerivedStateFromError": false,
          "getDerivedStateFromProps": Object {
            "hasShouldComponentUpdateBug": false,
          },
          "getSnapshotBeforeUpdate": true,
          "setState": Object {
            "skipsComponentDidUpdateOnNullish": true,
          },
        },
      },
    },
    Symbol(enzyme.__providerValues__): undefined,
  },
  Symbol(enzyme.__providerValues__): Map {},
}
`;
